
T16245.hs:13:36: error: [GHC-25897]
    • Expected kind ‘k1’, but ‘b’ has kind ‘k2’
      ‘k2’ is a rigid type variable bound by
        the class declaration for ‘C’
        at T16245.hs:13:45
      ‘k1’ is a rigid type variable bound by
        the class declaration for ‘C’
        at T16245.hs:13:1-62
    • In the second argument of ‘SameKind’, namely ‘b’
      In the class declaration for ‘C’
