
T22743.hs:10:1: error:
    The binder ‘x’
    cannot be assigned a fixed runtime representation, not even by defaulting.
    Suggested fix: Add a type signature.

T22743.hs:10:1: error:
    The binder ‘x’
    cannot be assigned a fixed runtime representation, not even by defaulting.
    Suggested fix: Add a type signature.
