
T7224.hs:8:19: error: [GHC-25897]
    • Expected kind ‘i’, but ‘i’ has kind ‘*’
      ‘i’ is a rigid type variable bound by
        the class declaration for ‘PMonad'’
        at T7224.hs:7:16-36
    • In the first argument of ‘m’, namely ‘i’
      In the type signature: ret' :: a -> m i i a
      In the class declaration for ‘PMonad'’

T7224.hs:9:14: error: [GHC-25897]
    • Expected kind ‘i’, but ‘i’ has kind ‘*’
      ‘i’ is a rigid type variable bound by
        the class declaration for ‘PMonad'’
        at T7224.hs:7:16-36
    • In the first argument of ‘m’, namely ‘i’
      In the type signature:
        bind' :: m i j a -> (a -> m j k b) -> m i k b
      In the class declaration for ‘PMonad'’
