
RepPolyBinder.hs:11:1: error:
    • The first pattern in the equation for ‘foo’
      does not have a fixed runtime representation.
      Its type is:
        a :: TYPE rep1
    • The second pattern in the equation for ‘foo’
      does not have a fixed runtime representation.
      Its type is:
        b :: TYPE rep2
