
T15172.hs:11:10: error:
    • Illegal use of type family ‘F’ in the constraint ‘F a’
      (Use UndecidableInstances to permit this)
    • In the instance declaration for ‘C [[a]]’
