
T17008a.hs:12:5: error: [GHC-53634]
    • Out of scope type variable ‘a’ in the RHS of a family instance.
        All such variables must be bound on the LHS.
      The real LHS (expanding synonyms) is: F @a x
    • In the equations for closed type family ‘F’
      In the type family declaration for ‘F’
