
==================== Module Map ====================
Foo                                               a-0.1 (exposed package)


