
T14584.hs:57:41: warning: [-Wdeferred-type-errors (in -Wdefault)]
    • Could not deduce (SingI a) arising from a use of ‘sing’
      from the context: (Action act, Monoid a, Good m1)
        bound by the instance declaration at T14584.hs:55:10-89
    • In the second argument of ‘fromSing’, namely
        ‘(sing @m @a :: Sing _)’
      In the fourth argument of ‘act’, namely
        ‘(fromSing @m (sing @m @a :: Sing _))’
      In the expression:
        act @_ @_ @act (fromSing @m (sing @m @a :: Sing _))

T14584.hs:57:41: warning: [-Wdeferred-type-errors (in -Wdefault)]
    • Cannot use equality for substitution: a0 ~ a
      Doing so would be ill-kinded.
    • In the second argument of ‘fromSing’, namely
        ‘(sing @m @a :: Sing _)’
      In the fourth argument of ‘act’, namely
        ‘(fromSing @m (sing @m @a :: Sing _))’
      In the expression:
        act @_ @_ @act (fromSing @m (sing @m @a :: Sing _))
    • Relevant bindings include
        monHom :: a -> a (bound at T14584.hs:57:3)

T14584.hs:57:50: warning: [-Wdeferred-type-errors (in -Wdefault)]
    • Could not deduce (m1 ~ *)
      from the context: (Action act, Monoid a, Good m1)
        bound by the instance declaration at T14584.hs:55:10-89
      ‘m1’ is a rigid type variable bound by
        the instance declaration
        at T14584.hs:55:10-89
    • In the type ‘a’
      In the second argument of ‘fromSing’, namely
        ‘(sing @m @a :: Sing _)’
      In the fourth argument of ‘act’, namely
        ‘(fromSing @m (sing @m @a :: Sing _))’

T14584.hs:57:60: warning: [-Wpartial-type-signatures (in -Wdefault)]
    • Found type wildcard ‘_’ standing for ‘a0 :: m’
      Where: ‘a0’ is an ambiguous type variable
             ‘m’ is a rigid type variable bound by
               the instance declaration
               at T14584.hs:55:10-89
    • In the first argument of ‘Sing’, namely ‘_’
      In the type ‘Sing _’
      In an expression type signature: Sing _
    • Relevant bindings include
        monHom :: a -> a (bound at T14584.hs:57:3)
