
T23279.hs:7:13: warning: [GHC-68441] [-Wdeprecations (in -Wextended-warnings)]
    In the use of record field of Bar ‘x’ (imported from T23279_aux):
    Deprecated: "Don't use x"

T23279.hs:7:29: warning: [GHC-68441] [-Wdeprecations (in -Wextended-warnings)]
    In the use of record field of Bar ‘z’ (imported from T23279_aux):
    Deprecated: "Don't use z"

T23279.hs:7:40: warning: [GHC-68441] [-Wdeprecations (in -Wextended-warnings)]
    In the use of record field of Bar ‘w’ (imported from T23279_aux):
    Deprecated: "Don't use w"

T23279.hs:8:13: warning: [GHC-68441] [-Wdeprecations (in -Wextended-warnings)]
    In the use of record field of Baz ‘z’ (imported from T23279_aux):
    Deprecated: "Don't use z"

T23279.hs:10:5: warning: [GHC-68441] [-Wdeprecations (in -Wextended-warnings)]
    In the use of ‘w’ (imported from T23279_aux):
    Deprecated: "Don't use w"
