Preprocessing library 'p' for bkpcabal08-0.1.0.0..
Building library 'p' instantiated with
  A = <A>
  B = <B>
for bkpcabal08-0.1.0.0..
[2 of 2] Compiling B[sig]           ( p/B.hsig, nothing )
Preprocessing library 'q' for bkpcabal08-0.1.0.0..
Building library 'q' instantiated with
  A = <A>
  B = <B>
for bkpcabal08-0.1.0.0..
[2 of 4] Compiling B[sig]           ( q/B.hsig, nothing )
[3 of 4] Compiling M                ( q/M.hs, nothing ) [A changed]
[4 of 4] Instantiating bkpcabal08-0.1.0.0-EyPgBicvfbiC7dE1n4Leie-p
Preprocessing library 'impl' for bkpcabal08-0.1.0.0..
Building library 'impl' for bkpcabal08-0.1.0.0..
Preprocessing library 'q' for bkpcabal08-0.1.0.0..
Building library 'q' instantiated with
  A = bkpcabal08-0.1.0.0-7fVENJzzGcJGpTFnmRtPuV-impl:A
  B = bkpcabal08-0.1.0.0-7fVENJzzGcJGpTFnmRtPuV-impl:B
for bkpcabal08-0.1.0.0..
[1 of 3] Compiling A[sig]           ( q/A.hsig, dist/build/bkpcabal08-0.1.0.0-ECOfUnn43H71QBN16LasXC-q+GMGlyMx4Le5H1wfFVpXzYJ/A.o ) [Prelude package changed]
[2 of 3] Compiling B[sig]           ( q/B.hsig, dist/build/bkpcabal08-0.1.0.0-ECOfUnn43H71QBN16LasXC-q+GMGlyMx4Le5H1wfFVpXzYJ/B.o ) [Prelude package changed]
Preprocessing library 'r' for bkpcabal08-0.1.0.0..
Building library 'r' for bkpcabal08-0.1.0.0..
